[{
    "id": 11534790,
    "node_id": "MDEwOlJlcG9zaXRvcnkxMTUzNDc5MA==",
    "name": "EstruturaDeDados",
    "full_name": "JFrancoNeto/EstruturaDeDados",
    "private": false,
    "owner": {
        "login": "JFrancoNeto",
        "id": 5049314,
        "node_id": "MDQ6VXNlcjUwNDkzMTQ=",
        "avatar_url": "https://avatars2.githubusercontent.com/u/5049314?v=4",
        "gravatar_id": "",
        "url": "https://api.github.com/users/JFrancoNeto",
        "html_url": "https://github.com/JFrancoNeto",
        "followers_url": "https://api.github.com/users/JFrancoNeto/followers",
        "following_url": "https://api.github.com/users/JFrancoNeto/following{/other_user}",
        "gists_url": "https://api.github.com/users/JFrancoNeto/gists{/gist_id}",
        "starred_url": "https://api.github.com/users/JFrancoNeto/starred{/owner}{/repo}",
        "subscriptions_url": "https://api.github.com/users/JFrancoNeto/subscriptions",
        "organizations_url": "https://api.github.com/users/JFrancoNeto/orgs",
        "repos_url": "https://api.github.com/users/JFrancoNeto/repos",
        "events_url": "https://api.github.com/users/JFrancoNeto/events{/privacy}",
        "received_events_url": "https://api.github.com/users/JFrancoNeto/received_events",
        "type": "User",
        "site_admin": false
    },
    "html_url": "https://github.com/JFrancoNeto/EstruturaDeDados",
    "description": null,
    "fork": false,
    "url": "https://api.github.com/repos/JFrancoNeto/EstruturaDeDados",
    "forks_url": "https://api.github.com/repos/JFrancoNeto/EstruturaDeDados/forks",
    "keys_url": "https://api.github.com/repos/JFrancoNeto/EstruturaDeDados/keys{/key_id}",
    "collaborators_url": "https://api.github.com/repos/JFrancoNeto/EstruturaDeDados/collaborators{/collaborator}",
    "teams_url": "https://api.github.com/repos/JFrancoNeto/EstruturaDeDados/teams",
    "hooks_url": "https://api.github.com/repos/JFrancoNeto/EstruturaDeDados/hooks",
    "issue_events_url": "https://api.github.com/repos/JFrancoNeto/EstruturaDeDados/issues/events{/number}",
    "events_url": "https://api.github.com/repos/JFrancoNeto/EstruturaDeDados/events",
    "assignees_url": "https://api.github.com/repos/JFrancoNeto/EstruturaDeDados/assignees{/user}",
    "branches_url": "https://api.github.com/repos/JFrancoNeto/EstruturaDeDados/branches{/branch}",
    "tags_url": "https://api.github.com/repos/JFrancoNeto/EstruturaDeDados/tags",
    "blobs_url": "https://api.github.com/repos/JFrancoNeto/EstruturaDeDados/git/blobs{/sha}",
    "git_tags_url": "https://api.github.com/repos/JFrancoNeto/EstruturaDeDados/git/tags{/sha}",
    "git_refs_url": "https://api.github.com/repos/JFrancoNeto/EstruturaDeDados/git/refs{/sha}",
    "trees_url": "https://api.github.com/repos/JFrancoNeto/EstruturaDeDados/git/trees{/sha}",
    "statuses_url": "https://api.github.com/repos/JFrancoNeto/EstruturaDeDados/statuses/{sha}",
    "languages_url": "https://api.github.com/repos/JFrancoNeto/EstruturaDeDados/languages",
    "stargazers_url": "https://api.github.com/repos/JFrancoNeto/EstruturaDeDados/stargazers",
    "contributors_url": "https://api.github.com/repos/JFrancoNeto/EstruturaDeDados/contributors",
    "subscribers_url": "https://api.github.com/repos/JFrancoNeto/EstruturaDeDados/subscribers",
    "subscription_url": "https://api.github.com/repos/JFrancoNeto/EstruturaDeDados/subscription",
    "commits_url": "https://api.github.com/repos/JFrancoNeto/EstruturaDeDados/commits{/sha}",
    "git_commits_url": "https://api.github.com/repos/JFrancoNeto/EstruturaDeDados/git/commits{/sha}",
    "comments_url": "https://api.github.com/repos/JFrancoNeto/EstruturaDeDados/comments{/number}",
    "issue_comment_url": "https://api.github.com/repos/JFrancoNeto/EstruturaDeDados/issues/comments{/number}",
    "contents_url": "https://api.github.com/repos/JFrancoNeto/EstruturaDeDados/contents/{+path}",
    "compare_url": "https://api.github.com/repos/JFrancoNeto/EstruturaDeDados/compare/{base}...{head}",
    "merges_url": "https://api.github.com/repos/JFrancoNeto/EstruturaDeDados/merges",
    "archive_url": "https://api.github.com/repos/JFrancoNeto/EstruturaDeDados/{archive_format}{/ref}",
    "downloads_url": "https://api.github.com/repos/JFrancoNeto/EstruturaDeDados/downloads",
    "issues_url": "https://api.github.com/repos/JFrancoNeto/EstruturaDeDados/issues{/number}",
    "pulls_url": "https://api.github.com/repos/JFrancoNeto/EstruturaDeDados/pulls{/number}",
    "milestones_url": "https://api.github.com/repos/JFrancoNeto/EstruturaDeDados/milestones{/number}",
    "notifications_url": "https://api.github.com/repos/JFrancoNeto/EstruturaDeDados/notifications{?since,all,participating}",
    "labels_url": "https://api.github.com/repos/JFrancoNeto/EstruturaDeDados/labels{/name}",
    "releases_url": "https://api.github.com/repos/JFrancoNeto/EstruturaDeDados/releases{/id}",
    "deployments_url": "https://api.github.com/repos/JFrancoNeto/EstruturaDeDados/deployments",
    "created_at": "2013-07-19T18:49:12Z",
    "updated_at": "2013-07-19T18:58:40Z",
    "pushed_at": "2013-07-19T18:58:37Z",
    "git_url": "git://github.com/JFrancoNeto/EstruturaDeDados.git",
    "ssh_url": "git@github.com:JFrancoNeto/EstruturaDeDados.git",
    "clone_url": "https://github.com/JFrancoNeto/EstruturaDeDados.git",
    "svn_url": "https://github.com/JFrancoNeto/EstruturaDeDados",
    "homepage": "",
    "size": 112,
    "stargazers_count": 0,
    "watchers_count": 0,
    "language": "Java",
    "has_issues": true,
    "has_projects": true,
    "has_downloads": true,
    "has_wiki": true,
    "has_pages": false,
    "forks_count": 0,
    "mirror_url": null,
    "archived": false,
    "disabled": false,
    "open_issues_count": 0,
    "license": null,
    "forks": 0,
    "open_issues": 0,
    "watchers": 0,
    "default_branch": "master"
}]