[{
        "login": "vanpelt",
        "id": 17,
        "node_id": "MDQ6VXNlcjE3",
        "avatar_url": "https://avatars1.githubusercontent.com/u/17?v=4",
        "gravatar_id": "",
        "url": "https://api.github.com/users/vanpelt",
        "html_url": "https://github.com/vanpelt",
        "followers_url": "https://api.github.com/users/vanpelt/followers",
        "following_url": "https://api.github.com/users/vanpelt/following{/other_user}",
        "gists_url": "https://api.github.com/users/vanpelt/gists{/gist_id}",
        "starred_url": "https://api.github.com/users/vanpelt/starred{/owner}{/repo}",
        "subscriptions_url": "https://api.github.com/users/vanpelt/subscriptions",
        "organizations_url": "https://api.github.com/users/vanpelt/orgs",
        "repos_url": "https://api.github.com/users/vanpelt/repos",
        "events_url": "https://api.github.com/users/vanpelt/events{/privacy}",
        "received_events_url": "https://api.github.com/users/vanpelt/received_events",
        "type": "User",
        "site_admin": false
    },
    {
        "login": "wayneeseguin",
        "id": 18,
        "node_id": "MDQ6VXNlcjE4",
        "avatar_url": "https://avatars0.githubusercontent.com/u/18?v=4",
        "gravatar_id": "",
        "url": "https://api.github.com/users/wayneeseguin",
        "html_url": "https://github.com/wayneeseguin",
        "followers_url": "https://api.github.com/users/wayneeseguin/followers",
        "following_url": "https://api.github.com/users/wayneeseguin/following{/other_user}",
        "gists_url": "https://api.github.com/users/wayneeseguin/gists{/gist_id}",
        "starred_url": "https://api.github.com/users/wayneeseguin/starred{/owner}{/repo}",
        "subscriptions_url": "https://api.github.com/users/wayneeseguin/subscriptions",
        "organizations_url": "https://api.github.com/users/wayneeseguin/orgs",
        "repos_url": "https://api.github.com/users/wayneeseguin/repos",
        "events_url": "https://api.github.com/users/wayneeseguin/events{/privacy}",
        "received_events_url": "https://api.github.com/users/wayneeseguin/received_events",
        "type": "User",
        "site_admin": false
    }
]