{
    "login": "JFrancoNeto",
    "id": 5049314,
    "node_id": "MDQ6VXNlcjUwNDkzMTQ=",
    "avatar_url": "https://avatars2.githubusercontent.com/u/5049314?v=4",
    "gravatar_id": "",
    "url": "https://api.github.com/users/JFrancoNeto",
    "html_url": "https://github.com/JFrancoNeto",
    "followers_url": "https://api.github.com/users/JFrancoNeto/followers",
    "following_url": "https://api.github.com/users/JFrancoNeto/following{/other_user}",
    "gists_url": "https://api.github.com/users/JFrancoNeto/gists{/gist_id}",
    "starred_url": "https://api.github.com/users/JFrancoNeto/starred{/owner}{/repo}",
    "subscriptions_url": "https://api.github.com/users/JFrancoNeto/subscriptions",
    "organizations_url": "https://api.github.com/users/JFrancoNeto/orgs",
    "repos_url": "https://api.github.com/users/JFrancoNeto/repos",
    "events_url": "https://api.github.com/users/JFrancoNeto/events{/privacy}",
    "received_events_url": "https://api.github.com/users/JFrancoNeto/received_events",
    "type": "User",
    "site_admin": false,
    "name": "José Franco Neto",
    "company": null,
    "blog": "https://www.facebook.com/franco.neto.75",
    "location": "João Pessoa",
    "email": null,
    "hireable": null,
    "bio": null,
    "public_repos": 1,
    "public_gists": 0,
    "followers": 0,
    "following": 0,
    "created_at": "2013-07-19T18:32:29Z",
    "updated_at": "2016-02-27T10:10:59Z"
}